// Vitest Snapshot v1, https://vitest.dev/guide/snapshot.html

exports[`DateSeparator > date separator snapshot 1`] = `
<div
  class="text-sm text-slate-900 h-[50px] leading-[50px] relative text-center w-full before:content-[''] before:h-px before:absolute before:top-6 before:w-[calc((100%-120px)/2)] before:bg-slate-300 before:dark:bg-slate-500 before:left-0 after:content-[''] after:h-px after:absolute after:top-6 after:w-[calc((100%-120px)/2)] after:bg-slate-300 after:dark:bg-slate-500 after:right-0"
>
  Nov 18, 2019
</div>
`;
